geometry base=48 maxbuffer=96
scenario 0 happy-path
cfg servers 1 a.pool:123
cfg buffer 48
cfg timeout 5000
cfg auth none
cfg clock 4 e7e1f4c8:00000000 e7e1f4c8:00000000 e7e1f4c9:00000000 e7e1f4ca:00000000
cfg dns 1 1:0a000001
cfg sendto 1 48
cfg recv 1 48:240100000000000000000000000000000000000000000000e7e1f4c800001234e7e1f4c900000000e7e1f4c940000000000000000000000000000000000000000000000000000000000000000000000000000000000000000000000000000000
cfg authgen 0
cfg authval 0
cfg actions 2 s:305397760:1000 r:0:1000
init -> Success
call dns a.pool -> 1:0a000001
call getTime -> e7e1f4c8:00000000
call getTime -> e7e1f4c8:00000000
call sendTo 0a000001 123 48 23000000000000000000000000000000000000000000000000000000000000000000000000000000e7e1f4c800001234 -> 48
action 0 s -> Success
state 0 e7e1f4c8:00001234 48 0a000001
call getTime -> e7e1f4c9:00000000
call recvFrom 0a000001 123 48 -> 48
call getTime -> e7e1f4ca:00000000
call setTime a.pool e7e1f4c9:40000000 124 NoLeapSecond
action 1 r -> Success
state 0 00000000:00000000 48 0a000001
end scenario 0
scenario 1 dns-failure
cfg servers 1 a.pool:123
cfg buffer 48
cfg timeout 5000
cfg auth none
cfg clock 0
cfg dns 1 0:00000000
cfg sendto 0
cfg recv 0
cfg authgen 0
cfg authval 0
cfg actions 1 s:305397760:1000
init -> Success
call dns a.pool -> 0:00000000
action 0 s -> DnsFailure
state 0 00000000:00000000 48 00000000
end scenario 1
scenario 2 send-error
cfg servers 1 a.pool:123
cfg buffer 48
cfg timeout 5000
cfg auth none
cfg clock 2 00000064:00000000 00000064:00000000
cfg dns 1 1:0a000001
cfg sendto 1 -1
cfg recv 0
cfg authgen 0
cfg authval 0
cfg actions 1 s:305397760:1000
init -> Success
call dns a.pool -> 1:0a000001
call getTime -> 00000064:00000000
call getTime -> 00000064:00000000
call sendTo 0a000001 123 48 230000000000000000000000000000000000000000000000000000000000000000000000000000000000006400001234 -> -1
action 0 s -> NetworkFailure
state 0 00000064:00001234 48 0a000001
end scenario 2
scenario 3 send-retries-then-succeeds
cfg servers 1 a.pool:123
cfg buffer 48
cfg timeout 5000
cfg auth none
cfg clock 4 00000064:00000000 00000064:00000000 00000064:20000000 00000064:40000000
cfg dns 1 1:0a000001
cfg sendto 3 0 0 48
cfg recv 0
cfg authgen 0
cfg authval 0
cfg actions 1 s:305397760:5000
init -> Success
call dns a.pool -> 1:0a000001
call getTime -> 00000064:00000000
call getTime -> 00000064:00000000
call sendTo 0a000001 123 48 230000000000000000000000000000000000000000000000000000000000000000000000000000000000006400001234 -> 0
call getTime -> 00000064:20000000
call sendTo 0a000001 123 48 230000000000000000000000000000000000000000000000000000000000000000000000000000000000006400001234 -> 0
call getTime -> 00000064:40000000
call sendTo 0a000001 123 48 230000000000000000000000000000000000000000000000000000000000000000000000000000000000006400001234 -> 48
action 0 s -> Success
state 0 00000064:00001234 48 0a000001
end scenario 3
scenario 4 send-times-out
cfg servers 1 a.pool:123
cfg buffer 48
cfg timeout 5000
cfg auth none
cfg clock 3 00000064:00000000 00000064:00000000 00000066:00000000
cfg dns 1 1:0a000001
cfg sendto 1 0
cfg recv 0
cfg authgen 0
cfg authval 0
cfg actions 1 s:305397760:1000
init -> Success
call dns a.pool -> 1:0a000001
call getTime -> 00000064:00000000
call getTime -> 00000064:00000000
call sendTo 0a000001 123 48 230000000000000000000000000000000000000000000000000000000000000000000000000000000000006400001234 -> 0
call getTime -> 00000066:00000000
action 0 s -> SendTimeout
state 0 00000064:00001234 48 0a000001
end scenario 4
scenario 5 send-partial
cfg servers 1 a.pool:123
cfg buffer 48
cfg timeout 5000
cfg auth none
cfg clock 2 00000064:00000000 00000064:00000000
cfg dns 1 1:0a000001
cfg sendto 1 47
cfg recv 0
cfg authgen 0
cfg authval 0
cfg actions 1 s:305397760:1000
init -> Success
call dns a.pool -> 1:0a000001
call getTime -> 00000064:00000000
call getTime -> 00000064:00000000
call sendTo 0a000001 123 48 230000000000000000000000000000000000000000000000000000000000000000000000000000000000006400001234 -> 47
action 0 s -> NetworkFailure
state 0 00000064:00001234 48 0a000001
end scenario 5
scenario 6 receive-blocks-then-gives-up
cfg servers 1 a.pool:123
cfg buffer 48
cfg timeout 5000
cfg auth none
cfg clock 4 00000064:00000000 00000064:00000000 00000064:00000000 00000065:00000000
cfg dns 1 1:0a000001
cfg sendto 1 48
cfg recv 1 0:000000000000000000000000000000000000000000000000000000000000000000000000000000000000000000000000000000000000000000000000000000000000000000000000000000000000000000000000000000000000000000000000
cfg authgen 0
cfg authval 0
cfg actions 2 s:305397760:1000 r:0:500
init -> Success
call dns a.pool -> 1:0a000001
call getTime -> 00000064:00000000
call getTime -> 00000064:00000000
call sendTo 0a000001 123 48 230000000000000000000000000000000000000000000000000000000000000000000000000000000000006400001234 -> 48
action 0 s -> Success
state 0 00000064:00001234 48 0a000001
call getTime -> 00000064:00000000
call recvFrom 0a000001 123 48 -> 0
call getTime -> 00000065:00000000
action 1 r -> NoResponseReceived
state 0 00000064:00001234 48 0a000001
end scenario 6
scenario 7 receive-times-out-and-rotates
cfg servers 2 a.pool:123 b.pool:123
cfg buffer 48
cfg timeout 1000
cfg auth none
cfg clock 4 00000064:00000000 00000064:00000000 00000064:00000000 00000066:00000000
cfg dns 1 1:0a000001
cfg sendto 1 48
cfg recv 1 0:000000000000000000000000000000000000000000000000000000000000000000000000000000000000000000000000000000000000000000000000000000000000000000000000000000000000000000000000000000000000000000000000
cfg authgen 0
cfg authval 0
cfg actions 2 s:305397760:1000 r:0:5000
init -> Success
call dns a.pool -> 1:0a000001
call getTime -> 00000064:00000000
call getTime -> 00000064:00000000
call sendTo 0a000001 123 48 230000000000000000000000000000000000000000000000000000000000000000000000000000000000006400001234 -> 48
action 0 s -> Success
state 0 00000064:00001234 48 0a000001
call getTime -> 00000064:00000000
call recvFrom 0a000001 123 48 -> 0
call getTime -> 00000066:00000000
action 1 r -> ResponseTimeout
state 1 00000064:00001234 48 0a000001
end scenario 7
scenario 8 receive-error
cfg servers 1 a.pool:123
cfg buffer 48
cfg timeout 5000
cfg auth none
cfg clock 3 00000064:00000000 00000064:00000000 00000064:00000000
cfg dns 1 1:0a000001
cfg sendto 1 48
cfg recv 1 -1:000000000000000000000000000000000000000000000000000000000000000000000000000000000000000000000000000000000000000000000000000000000000000000000000000000000000000000000000000000000000000000000000
cfg authgen 0
cfg authval 0
cfg actions 2 s:305397760:1000 r:0:1000
init -> Success
call dns a.pool -> 1:0a000001
call getTime -> 00000064:00000000
call getTime -> 00000064:00000000
call sendTo 0a000001 123 48 230000000000000000000000000000000000000000000000000000000000000000000000000000000000006400001234 -> 48
action 0 s -> Success
state 0 00000064:00001234 48 0a000001
call getTime -> 00000064:00000000
call recvFrom 0a000001 123 48 -> -1
action 1 r -> NetworkFailure
state 0 00000064:00001234 48 0a000001
end scenario 8
scenario 9 receive-partial
cfg servers 1 a.pool:123
cfg buffer 48
cfg timeout 5000
cfg auth none
cfg clock 3 00000064:00000000 00000064:00000000 00000064:00000000
cfg dns 1 1:0a000001
cfg sendto 1 48
cfg recv 1 47:000000000000000000000000000000000000000000000000000000000000000000000000000000000000000000000000000000000000000000000000000000000000000000000000000000000000000000000000000000000000000000000000
cfg authgen 0
cfg authval 0
cfg actions 2 s:305397760:1000 r:0:1000
init -> Success
call dns a.pool -> 1:0a000001
call getTime -> 00000064:00000000
call getTime -> 00000064:00000000
call sendTo 0a000001 123 48 230000000000000000000000000000000000000000000000000000000000000000000000000000000000006400001234 -> 48
action 0 s -> Success
state 0 00000064:00001234 48 0a000001
call getTime -> 00000064:00000000
call recvFrom 0a000001 123 48 -> 47
action 1 r -> NetworkFailure
state 0 00000064:00001234 48 0a000001
end scenario 9
scenario 10 kod-without-auth-keeps-request-time
cfg servers 2 a.pool:123 b.pool:123
cfg buffer 48
cfg timeout 5000
cfg auth none
cfg clock 4 00000064:00000000 00000064:00000000 00000064:00000000 00000065:00000000
cfg dns 1 1:0a000001
cfg sendto 1 48
cfg recv 1 48:24000000000000000000000044454e590000000000000000000000640000123400000064000000000000006400000000000000000000000000000000000000000000000000000000000000000000000000000000000000000000000000000000
cfg authgen 0
cfg authval 0
cfg actions 2 s:305397760:1000 r:0:1000
init -> Success
call dns a.pool -> 1:0a000001
call getTime -> 00000064:00000000
call getTime -> 00000064:00000000
call sendTo 0a000001 123 48 230000000000000000000000000000000000000000000000000000000000000000000000000000000000006400001234 -> 48
action 0 s -> Success
state 0 00000064:00001234 48 0a000001
call getTime -> 00000064:00000000
call recvFrom 0a000001 123 48 -> 48
call getTime -> 00000065:00000000
action 1 r -> RejectedResponse
state 1 00000064:00001234 48 0a000001
end scenario 10
scenario 11 response-does-not-echo-the-request
cfg servers 1 a.pool:123
cfg buffer 48
cfg timeout 5000
cfg auth none
cfg clock 4 00000064:00000000 00000064:00000000 00000064:00000000 00000065:00000000
cfg dns 1 1:0a000001
cfg sendto 1 48
cfg recv 1 48:240100000000000000000000000000000000000000000000000003e7000003e700000064000000000000006400000000000000000000000000000000000000000000000000000000000000000000000000000000000000000000000000000000
cfg authgen 0
cfg authval 0
cfg actions 2 s:305397760:1000 r:0:1000
init -> Success
call dns a.pool -> 1:0a000001
call getTime -> 00000064:00000000
call getTime -> 00000064:00000000
call sendTo 0a000001 123 48 230000000000000000000000000000000000000000000000000000000000000000000000000000000000006400001234 -> 48
action 0 s -> Success
state 0 00000064:00001234 48 0a000001
call getTime -> 00000064:00000000
call recvFrom 0a000001 123 48 -> 48
call getTime -> 00000065:00000000
action 1 r -> InvalidResponse
state 0 00000064:00001234 48 0a000001
end scenario 11
scenario 12 auth-generate-fails
cfg servers 1 a.pool:123
cfg buffer 64
cfg timeout 5000
cfg auth yes
cfg clock 1 00000064:00000000
cfg dns 1 1:0a000001
cfg sendto 0
cfg recv 0
cfg authgen 1 AuthFailure:0
cfg authval 0
cfg actions 1 s:305397760:1000
init -> Success
call dns a.pool -> 1:0a000001
call getTime -> 00000064:00000000
call authGen a.pool 64 -> AuthFailure:0
action 0 s -> AuthFailure
state 0 00000064:00001234 48 0a000001
end scenario 12
scenario 13 auth-code-too-large
cfg servers 1 a.pool:123
cfg buffer 64
cfg timeout 5000
cfg auth yes
cfg clock 1 00000064:00000000
cfg dns 1 1:0a000001
cfg sendto 0
cfg recv 0
cfg authgen 1 Success:17
cfg authval 0
cfg actions 1 s:305397760:1000
init -> Success
call dns a.pool -> 1:0a000001
call getTime -> 00000064:00000000
call authGen a.pool 64 -> Success:17
action 0 s -> AuthFailure
state 0 00000064:00001234 48 0a000001
end scenario 13
scenario 14 auth-grows-the-packet
cfg servers 1 a.pool:123
cfg buffer 64
cfg timeout 5000
cfg auth yes
cfg clock 4 00000064:00000000 00000064:00000000 00000064:00000000 00000065:00000000
cfg dns 1 1:0a000001
cfg sendto 1 64
cfg recv 1 64:240100000000000000000000000000000000000000000000000000640000123400000064400000000000006480000000000000000000000000000000000000000000000000000000000000000000000000000000000000000000000000000000
cfg authgen 1 Success:16
cfg authval 1 Success
cfg actions 2 s:305397760:1000 r:0:1000
init -> Success
call dns a.pool -> 1:0a000001
call getTime -> 00000064:00000000
call authGen a.pool 64 -> Success:16
call getTime -> 00000064:00000000
call sendTo 0a000001 123 64 23000000000000000000000000000000000000000000000000000000000000000000000000000000000000640000123400000000000000000000000000000000 -> 64
action 0 s -> Success
state 0 00000064:00001234 64 0a000001
call getTime -> 00000064:00000000
call recvFrom 0a000001 123 64 -> 64
call getTime -> 00000065:00000000
call authVal a.pool 64 -> Success
call setTime a.pool 00000064:80000000 -126 NoLeapSecond
action 1 r -> Success
state 0 00000000:00000000 64 0a000001
end scenario 14
scenario 15 server-not-authenticated
cfg servers 1 a.pool:123
cfg buffer 64
cfg timeout 5000
cfg auth yes
cfg clock 4 00000064:00000000 00000064:00000000 00000064:00000000 00000065:00000000
cfg dns 1 1:0a000001
cfg sendto 1 64
cfg recv 1 64:240100000000000000000000000000000000000000000000000000640000123400000064000000000000006400000000000000000000000000000000000000000000000000000000000000000000000000000000000000000000000000000000
cfg authgen 1 Success:16
cfg authval 1 ServerNotAuthenticated
cfg actions 2 s:305397760:1000 r:0:1000
init -> Success
call dns a.pool -> 1:0a000001
call getTime -> 00000064:00000000
call authGen a.pool 64 -> Success:16
call getTime -> 00000064:00000000
call sendTo 0a000001 123 64 23000000000000000000000000000000000000000000000000000000000000000000000000000000000000640000123400000000000000000000000000000000 -> 64
action 0 s -> Success
state 0 00000064:00001234 64 0a000001
call getTime -> 00000064:00000000
call recvFrom 0a000001 123 64 -> 64
call getTime -> 00000065:00000000
call authVal a.pool 64 -> ServerNotAuthenticated
action 1 r -> ServerNotAuthenticated
state 0 00000064:00001234 64 0a000001
end scenario 15
scenario 16 kod-with-auth-clears-request-time
cfg servers 2 a.pool:123 b.pool:123
cfg buffer 64
cfg timeout 5000
cfg auth yes
cfg clock 4 00000064:00000000 00000064:00000000 00000064:00000000 00000065:00000000
cfg dns 1 1:0a000001
cfg sendto 1 64
cfg recv 1 64:240000000000000000000000524154450000000000000000000000640000123400000064000000000000006400000000000000000000000000000000000000000000000000000000000000000000000000000000000000000000000000000000
cfg authgen 1 Success:16
cfg authval 1 Success
cfg actions 2 s:305397760:1000 r:0:1000
init -> Success
call dns a.pool -> 1:0a000001
call getTime -> 00000064:00000000
call authGen a.pool 64 -> Success:16
call getTime -> 00000064:00000000
call sendTo 0a000001 123 64 23000000000000000000000000000000000000000000000000000000000000000000000000000000000000640000123400000000000000000000000000000000 -> 64
action 0 s -> Success
state 0 00000064:00001234 64 0a000001
call getTime -> 00000064:00000000
call recvFrom 0a000001 123 64 -> 64
call getTime -> 00000065:00000000
call authVal a.pool 64 -> Success
action 1 r -> RejectedResponse
state 1 00000000:00000000 64 0a000001
end scenario 16
scenario 17 init-buffer-too-small
cfg servers 1 a.pool:123
cfg buffer 47
cfg timeout 5000
cfg auth none
cfg clock 0
cfg dns 0
cfg sendto 0
cfg recv 0
cfg authgen 0
cfg authval 0
cfg actions 0
init -> BufferTooSmall
end scenario 17
scenario 18 init-no-servers
cfg servers 0
cfg buffer 48
cfg timeout 5000
cfg auth none
cfg clock 0
cfg dns 0
cfg sendto 0
cfg recv 0
cfg authgen 0
cfg authval 0
cfg actions 0
init -> BadParameter
end scenario 18
scenario 19 rotation-wraps-around
cfg servers 2 a.pool:123 b.pool:123
cfg buffer 48
cfg timeout 1000
cfg auth none
cfg clock 12 00000064:00000000 00000064:00000000 00000064:00000000 00000066:00000000 00000064:00000000 00000064:00000000 00000064:00000000 00000066:00000000 00000064:00000000 00000064:00000000 00000064:00000000 00000066:00000000
cfg dns 3 1:0a000001 1:0a000002 1:0a000003
cfg sendto 3 48 48 48
cfg recv 3 0:000000000000000000000000000000000000000000000000000000000000000000000000000000000000000000000000000000000000000000000000000000000000000000000000000000000000000000000000000000000000000000000000 0:000000000000000000000000000000000000000000000000000000000000000000000000000000000000000000000000000000000000000000000000000000000000000000000000000000000000000000000000000000000000000000000000 0:000000000000000000000000000000000000000000000000000000000000000000000000000000000000000000000000000000000000000000000000000000000000000000000000000000000000000000000000000000000000000000000000
cfg authgen 0
cfg authval 0
cfg actions 6 s:305397760:1000 r:0:5000 s:305397760:1000 r:0:5000 s:305397760:1000 r:0:5000
init -> Success
call dns a.pool -> 1:0a000001
call getTime -> 00000064:00000000
call getTime -> 00000064:00000000
call sendTo 0a000001 123 48 230000000000000000000000000000000000000000000000000000000000000000000000000000000000006400001234 -> 48
action 0 s -> Success
state 0 00000064:00001234 48 0a000001
call getTime -> 00000064:00000000
call recvFrom 0a000001 123 48 -> 0
call getTime -> 00000066:00000000
action 1 r -> ResponseTimeout
state 1 00000064:00001234 48 0a000001
call dns b.pool -> 1:0a000002
call getTime -> 00000064:00000000
call getTime -> 00000064:00000000
call sendTo 0a000002 123 48 230000000000000000000000000000000000000000000000000000000000000000000000000000000000006400001234 -> 48
action 2 s -> Success
state 1 00000064:00001234 48 0a000002
call getTime -> 00000064:00000000
call recvFrom 0a000002 123 48 -> 0
call getTime -> 00000066:00000000
action 3 r -> ResponseTimeout
state 0 00000064:00001234 48 0a000002
call dns a.pool -> 1:0a000003
call getTime -> 00000064:00000000
call getTime -> 00000064:00000000
call sendTo 0a000003 123 48 230000000000000000000000000000000000000000000000000000000000000000000000000000000000006400001234 -> 48
action 4 s -> Success
state 0 00000064:00001234 48 0a000003
call getTime -> 00000064:00000000
call recvFrom 0a000003 123 48 -> 0
call getTime -> 00000066:00000000
action 5 r -> ResponseTimeout
state 1 00000064:00001234 48 0a000003
end scenario 19
scenario 20 elapsed-time-across-the-era-wrap
cfg servers 1 a.pool:123
cfg buffer 48
cfg timeout 1000
cfg auth none
cfg clock 4 fffffffe:00000000 fffffffe:00000000 fffffffe:00000000 00000001:00000000
cfg dns 1 1:0a000001
cfg sendto 1 48
cfg recv 1 0:000000000000000000000000000000000000000000000000000000000000000000000000000000000000000000000000000000000000000000000000000000000000000000000000000000000000000000000000000000000000000000000000
cfg authgen 0
cfg authval 0
cfg actions 2 s:305397760:1000 r:0:5000
init -> Success
call dns a.pool -> 1:0a000001
call getTime -> fffffffe:00000000
call getTime -> fffffffe:00000000
call sendTo 0a000001 123 48 23000000000000000000000000000000000000000000000000000000000000000000000000000000fffffffe00001234 -> 48
action 0 s -> Success
state 0 fffffffe:00001234 48 0a000001
call getTime -> fffffffe:00000000
call recvFrom 0a000001 123 48 -> 0
call getTime -> 00000001:00000000
action 1 r -> ResponseTimeout
state 0 fffffffe:00001234 48 0a000001
end scenario 20
scenario 21 elapsed-time-fractions-go-backwards
cfg servers 1 a.pool:123
cfg buffer 48
cfg timeout 1000
cfg auth none
cfg clock 4 00000064:80000000 00000064:80000000 00000064:80000000 00000064:00000000
cfg dns 1 1:0a000001
cfg sendto 1 48
cfg recv 1 0:000000000000000000000000000000000000000000000000000000000000000000000000000000000000000000000000000000000000000000000000000000000000000000000000000000000000000000000000000000000000000000000000
cfg authgen 0
cfg authval 0
cfg actions 2 s:305397760:1000 r:0:5000
init -> Success
call dns a.pool -> 1:0a000001
call getTime -> 00000064:80000000
call getTime -> 00000064:80000000
call sendTo 0a000001 123 48 230000000000000000000000000000000000000000000000000000000000000000000000000000000000006480001234 -> 48
action 0 s -> Success
state 0 00000064:80001234 48 0a000001
call getTime -> 00000064:80000000
call recvFrom 0a000001 123 48 -> 0
call getTime -> 00000064:00000000
action 1 r -> ResponseTimeout
state 0 00000064:80001234 48 0a000001
end scenario 21
scenario 22 auth-failure-keeps-the-previous-packet-size
cfg servers 1 a.pool:123
cfg buffer 64
cfg timeout 5000
cfg auth yes
cfg clock 3 00000064:00000000 00000064:00000000 00000065:00000000
cfg dns 2 1:0a000001 1:0a000001
cfg sendto 1 64
cfg recv 0
cfg authgen 2 Success:16 AuthFailure:0
cfg authval 0
cfg actions 2 s:305397760:1000 s:305397760:1000
init -> Success
call dns a.pool -> 1:0a000001
call getTime -> 00000064:00000000
call authGen a.pool 64 -> Success:16
call getTime -> 00000064:00000000
call sendTo 0a000001 123 64 23000000000000000000000000000000000000000000000000000000000000000000000000000000000000640000123400000000000000000000000000000000 -> 64
action 0 s -> Success
state 0 00000064:00001234 64 0a000001
call dns a.pool -> 1:0a000001
call getTime -> 00000065:00000000
call authGen a.pool 64 -> AuthFailure:0
action 1 s -> AuthFailure
state 0 00000065:00001234 64 0a000001
end scenario 22
end
