geometry serialize=14 deser=30 poll=18 unix=13 base=48
serialize 0 in 00000000 00000000 00000000 48
serialize 0 out BadParameter 00000000 00000000 aaaaaaaaaaaaaaaaaaaaaaaaaaaaaaaaaaaaaaaaaaaaaaaaaaaaaaaaaaaaaaaaaaaaaaaaaaaaaaaaaaaaaaaaaaaaaaaa
serialize 1 in 00000000 00000001 00000000 48
serialize 1 out Success 00000000 00000001 230000000000000000000000000000000000000000000000000000000000000000000000000000000000000000000001
serialize 2 in 00000001 00000000 00000000 48
serialize 2 out Success 00000001 00000000 230000000000000000000000000000000000000000000000000000000000000000000000000000000000000100000000
serialize 3 in e7e1f4c8 00000000 00000000 48
serialize 3 out Success e7e1f4c8 00000000 23000000000000000000000000000000000000000000000000000000000000000000000000000000e7e1f4c800000000
serialize 4 in e7e1f4c8 00000000 ffffffff 48
serialize 4 out Success e7e1f4c8 0000ffff 23000000000000000000000000000000000000000000000000000000000000000000000000000000e7e1f4c80000ffff
serialize 5 in e7e1f4c8 ffff0000 ffffffff 48
serialize 5 out Success e7e1f4c8 ffffffff 23000000000000000000000000000000000000000000000000000000000000000000000000000000e7e1f4c8ffffffff
serialize 6 in e7e1f4c8 0000ffff 12345678 48
serialize 6 out Success e7e1f4c8 0000ffff 23000000000000000000000000000000000000000000000000000000000000000000000000000000e7e1f4c80000ffff
serialize 7 in ffffffff ffffffff ffffffff 48
serialize 7 out Success ffffffff ffffffff 23000000000000000000000000000000000000000000000000000000000000000000000000000000ffffffffffffffff
serialize 8 in e7e1f4c8 00000000 00010000 48
serialize 8 out Success e7e1f4c8 00000001 23000000000000000000000000000000000000000000000000000000000000000000000000000000e7e1f4c800000001
serialize 9 in e7e1f4c8 00000000 0000ffff 48
serialize 9 out Success e7e1f4c8 00000000 23000000000000000000000000000000000000000000000000000000000000000000000000000000e7e1f4c800000000
serialize 10 in e7e1f4c8 00000000 00000000 47
serialize 10 out BufferTooSmall e7e1f4c8 00000000 aaaaaaaaaaaaaaaaaaaaaaaaaaaaaaaaaaaaaaaaaaaaaaaaaaaaaaaaaaaaaaaaaaaaaaaaaaaaaaaaaaaaaaaaaaaaaaaa
serialize 11 in e7e1f4c8 00000000 00000000 0
serialize 11 out BufferTooSmall e7e1f4c8 00000000 aaaaaaaaaaaaaaaaaaaaaaaaaaaaaaaaaaaaaaaaaaaaaaaaaaaaaaaaaaaaaaaaaaaaaaaaaaaaaaaaaaaaaaaaaaaaaaaa
serialize 12 in e7e1f4c8 00000000 abcdef01 64
serialize 12 out Success e7e1f4c8 0000abcd 23000000000000000000000000000000000000000000000000000000000000000000000000000000e7e1f4c80000abcd
serialize 13 in 00000000 00000000 00000000 47
serialize 13 out BufferTooSmall 00000000 00000000 aaaaaaaaaaaaaaaaaaaaaaaaaaaaaaaaaaaaaaaaaaaaaaaaaaaaaaaaaaaaaaaaaaaaaaaaaaaaaaaaaaaaaaaaaaaaaaaa
deser 0 in 00000001 00000001 00000004 00000004 47 240100000000000000000000000000000000000000000000000000010000000100000002000000020000000300000003
deser 0 out BufferTooSmall
deser 1 in 00000000 00000000 00000004 00000004 48 240100000000000000000000000000000000000000000000000000010000000100000002000000020000000300000003
deser 1 out BadParameter
deser 2 in 00000000 00000000 00000004 00000004 47 240100000000000000000000000000000000000000000000000000010000000100000002000000020000000300000003
deser 2 out BufferTooSmall
deser 3 in 00000001 00000001 00000004 00000004 48 230100000000000000000000000000000000000000000000000000010000000100000002000000020000000300000003
deser 3 out InvalidResponse
deser 4 in 00000001 00000001 00000004 00000004 48 270100000000000000000000000000000000000000000000000000010000000100000002000000020000000300000003
deser 4 out InvalidResponse
deser 5 in 00000001 00000001 00000004 00000004 48 240100000000000000000000000000000000000000000000000000000000000000000002000000020000000300000003
deser 5 out InvalidResponse
deser 6 in 00000001 00000001 00000004 00000004 48 240100000000000000000000000000000000000000000000000000010000000100000000000000000000000300000003
deser 6 out InvalidResponse
deser 7 in 00000001 00000001 00000004 00000004 48 240100000000000000000000000000000000000000000000000000010000000100000002000000020000000000000000
deser 7 out InvalidResponse
deser 8 in 00000001 00000001 00000004 00000004 48 240100000000000000000000000000000000000000000000000000090000000100000002000000020000000300000003
deser 8 out InvalidResponse
deser 9 in 00000001 00000001 00000004 00000004 48 240100000000000000000000000000000000000000000000000000010000000900000002000000020000000300000003
deser 9 out InvalidResponse
deser 10 in 00000001 00000001 00000004 00000004 48 24000000000000000000000044454e590000000000000000000000010000000100000002000000020000000300000003
deser 10 out RejectedChangeServer 00000000 00000000 NoLeapSecond 44454e59 0
deser 11 in 00000001 00000001 00000004 00000004 48 240000000000000000000000525354520000000000000000000000010000000100000002000000020000000300000003
deser 11 out RejectedChangeServer 00000000 00000000 NoLeapSecond 52535452 0
deser 12 in 00000001 00000001 00000004 00000004 48 240000000000000000000000524154450000000000000000000000010000000100000002000000020000000300000003
deser 12 out RejectedRetryWithBackoff 00000000 00000000 NoLeapSecond 52415445 0
deser 13 in 00000001 00000001 00000004 00000004 48 240000000000000000000000414353540000000000000000000000010000000100000002000000020000000300000003
deser 13 out RejectedOtherCode 00000000 00000000 NoLeapSecond 41435354 0
deser 14 in 00000001 00000001 00000004 00000004 48 240000000000000000000000000000000000000000000000000000010000000100000002000000020000000300000003
deser 14 out RejectedOtherCode 00000000 00000000 NoLeapSecond 00000000 0
deser 15 in 00000064 00000000 00000190 00000000 48 2401000000000000000000000000000000000000000000000000006400000000000000c8000000000000012c00000000
deser 15 out Success 0000012c 00000000 NoLeapSecond 00000000 0
deser 16 in 00000064 00000000 00000190 00000000 48 6401000000000000000000000000000000000000000000000000006400000000000000c8000000000000012c00000000
deser 16 out Success 0000012c 00000000 Has61 00000000 0
deser 17 in 00000064 00000000 00000190 00000000 48 a401000000000000000000000000000000000000000000000000006400000000000000c8000000000000012c00000000
deser 17 out Success 0000012c 00000000 Has59 00000000 0
deser 18 in 00000064 00000000 00000190 00000000 48 e401000000000000000000000000000000000000000000000000006400000000000000c8000000000000012c00000000
deser 18 out Success 0000012c 00000000 Alarm 00000000 0
deser 19 in 000003e8 00000000 000003ea 00000000 48 240100000000000000000000000000000000000000000000000003e800000000000003ed00000000000003ee00000000
deser 19 out Success 000003ee 00000000 NoLeapSecond 00000000 4500
deser 20 in 00001388 00000000 0000138a 00000000 48 2401000000000000000000000000000000000000000000000000138800000000000003ed00000000000003ee00000000
deser 20 out Success 000003ee 00000000 NoLeapSecond 00000000 -3995500
deser 21 in 00000064 80000000 00000064 90000000 48 240100000000000000000000000000000000000000000000000000648000000000000064c000000000000064c0000000
deser 21 out Success 00000064 c0000000 NoLeapSecond 00000000 218
deser 22 in 00000064 ffffffff 00000064 00000000 48 24010000000000000000000000000000000000000000000000000064ffffffff00000064ffffffff00000064ffffffff
deser 22 out Success 00000064 ffffffff NoLeapSecond 00000000 499
deser 23 in fffffffe 00000000 ffffffff 00000000 48 240100000000000000000000000000000000000000000000fffffffe0000000000000001000000000000000200000000
deser 23 out Success 00000002 00000000 NoLeapSecond 00000000 3000
deser 24 in 00000001 00000000 00000002 00000000 48 2401000000000000000000000000000000000000000000000000000100000000fffffffe00000000ffffffff00000000
deser 24 out Success ffffffff 00000000 NoLeapSecond 00000000 -3000
deser 25 in fffffffe 00000000 00000004 00000000 48 240100000000000000000000000000000000000000000000fffffffe0000000000000001000000000000000200000000
deser 25 out Success 00000002 00000000 NoLeapSecond 00000000 500
deser 26 in 00000001 00000000 00000001 00000000 48 24010000000000000000000000000000000000000000000000000001000000007fffffff000000007fffffff00000000
deser 26 out Success 7fffffff 00000000 NoLeapSecond 00000000 2147483646000
deser 27 in 00000001 00000000 00000001 00000000 48 240100000000000000000000000000000000000000000000000000010000000080000001000000008000000100000000
deser 27 out Success 80000001 00000000 NoLeapSecond 00000000 2147483648000
deser 28 in 80000001 00000000 80000001 00000000 48 240100000000000000000000000000000000000000000000800000010000000000000001000000000000000100000000
deser 28 out Success 00000001 00000000 NoLeapSecond 00000000 2147483648000
deser 29 in ffffffff 80000000 00000000 60000000 48 240100000000000000000000000000000000000000000000ffffffff8000000000000000400000000000000050000000
deser 29 out Success 00000000 50000000 NoLeapSecond 00000000 344
poll 0 in 0 100
poll 0 out BadParameter
poll 1 in 100 0
poll 1 out BadParameter
poll 2 in 0 0
poll 2 out BadParameter
poll 3 in 32 500
poll 3 out Success 8192
poll 4 in 500 1
poll 4 out Success 2
poll 5 in 1000 1
poll 5 out Success 1
poll 6 in 1 1
poll 6 out Success 512
poll 7 in 1 65535
poll 7 out Success 33554432
poll 8 in 65535 1
poll 8 out ZeroPollInterval
poll 9 in 65535 65535
poll 9 out Success 512
poll 10 in 1000 1000
poll 10 out Success 512
poll 11 in 999 1000
poll 11 out Success 512
poll 12 in 1001 1000
poll 12 out Success 512
poll 13 in 2000 1000
poll 13 out Success 256
poll 14 in 1024 1024
poll 14 out Success 512
poll 15 in 1 2
poll 15 out Success 1024
poll 16 in 3 1
poll 16 out Success 256
poll 17 in 7 1
poll 17 out Success 128
unix 0 in 00000000 00000000
unix 0 out Success 2085978496 0
unix 1 in 00000001 00000000
unix 1 out Success 2085978497 0
unix 2 in 83aa7e80 00000000
unix 2 out Success 0 0
unix 3 in 83aa7e7f 00000000
unix 3 out Success 4294967295 0
unix 4 in 83aa7e81 00000000
unix 4 out Success 1 0
unix 5 in e93c7f00 00000000
unix 5 out Success 1704067200 0
unix 6 in ffffffff ffffffff
unix 6 out Success 2085978495 999992
unix 7 in 03aa7e7f 00000000
unix 7 out Success 2147483647 0
unix 8 in 03aa7e80 00000000
unix 8 out Success 2147483648 0
unix 9 in 83aa7e80 000010c7
unix 9 out Success 0 1
unix 10 in 83aa7e80 000010c6
unix 10 out Success 0 0
unix 11 in 83aa7e80 ffffffff
unix 11 out Success 0 999992
unix 12 in 83aa7e80 80000000
unix 12 out Success 0 499996
ignored 0 in 00 000003e8 00000000 000003ea 00000000 48 240100000000000000000000000000000000000000000000000003e800000000000003ed00000000000003ee00000000
ignored 0 out Success 000003ee 00000000 NoLeapSecond 00000000 4500
ignored 1 in ff 000003e8 00000000 000003ea 00000000 48 2401ffffffffffffffffffff00000000ffffffffffffffff000003e800000000000003ed00000000000003ee00000000
ignored 1 out Success 000003ee 00000000 NoLeapSecond 00000000 4500
ignored 2 in 5a 000003e8 00000000 000003ea 00000000 48 24015a5a5a5a5a5a5a5a5a5a000000005a5a5a5a5a5a5a5a000003e800000000000003ed00000000000003ee00000000
ignored 2 out Success 000003ee 00000000 NoLeapSecond 00000000 4500
ignored 3 in a5 000003e8 00000000 000003ea 00000000 48 2401a5a5a5a5a5a5a5a5a5a500000000a5a5a5a5a5a5a5a5000003e800000000000003ed00000000000003ee00000000
ignored 3 out Success 000003ee 00000000 NoLeapSecond 00000000 4500
end
